0 verbose cli /.sprite/languages/node/nvm/versions/node/v24.18.0/bin/node /.sprite/languages/node/nvm/versions/node/v24.18.0/bin/npm
1 info using npm@12.0.2
2 info using node@v24.18.0
3 silly config load:file:/.sprite/languages/node/nvm/versions/node/v24.18.0/lib/node_modules/npm/npmrc
4 silly config load:file:/home/sprite/.npmrc
5 silly config load:file:/.sprite/languages/node/nvm/versions/node/v24.18.0/etc/npmrc
6 verbose title npm install
7 verbose argv "install"
8 verbose logfile logs-max:10 dir:/home/sprite/.npm/_logs/2026-09-13T19_53_31_302Z-
9 verbose logfile /home/sprite/.npm/_logs/2026-09-13T19_53_31_302Z-debug-0.log
10 silly logfile done cleaning log files
11 silly packumentCache heap:2348810240 maxSize:587202560 maxEntrySize:293601280
12 silly idealTree buildDeps
13 silly fetch manifest @tanstack/react-router@^1.170.18
14 silly packumentCache full:https://registry.npmjs.org/@tanstack%2freact-router cache-miss
15 http cache https://registry.npmjs.org/@tanstack%2freact-router 40ms (cache hit)
16 silly packumentCache full:https://registry.npmjs.org/@tanstack%2freact-router set size:3705604 disposed:false
17 silly fetch manifest react@^19.2.8
18 silly packumentCache full:https://registry.npmjs.org/react cache-miss
19 http cache https://registry.npmjs.org/react 35ms (cache hit)
20 silly packumentCache full:https://registry.npmjs.org/react set size:6977664 disposed:false
21 silly fetch manifest react-dom@^19.2.8
22 silly packumentCache full:https://registry.npmjs.org/react-dom cache-miss
23 http cache https://registry.npmjs.org/react-dom 57ms (cache hit)
24 silly packumentCache full:https://registry.npmjs.org/react-dom set size:9393989 disposed:false
25 silly fetch manifest @tailwindcss/vite@^4.3.3
26 silly packumentCache full:https://registry.npmjs.org/@tailwindcss%2fvite cache-miss
27 http cache https://registry.npmjs.org/@tailwindcss%2fvite 15ms (cache hit)
28 silly packumentCache full:https://registry.npmjs.org/@tailwindcss%2fvite set size:2314223 disposed:false
29 silly fetch manifest vite@^8.1.5
30 silly packumentCache full:https://registry.npmjs.org/vite cache-miss
31 http fetch GET 200 https://registry.npmjs.org/vite 1239ms (cache miss)
32 silly packumentCache full:https://registry.npmjs.org/vite set size:undefined disposed:false
33 silly fetch manifest @types/node@^20.19.0 || >=22.12.0
34 silly packumentCache full:https://registry.npmjs.org/@types%2fnode cache-miss
35 http fetch GET 200 https://registry.npmjs.org/@types%2fnode 216ms (cache miss)
36 silly packumentCache full:https://registry.npmjs.org/@types%2fnode set size:undefined disposed:false
37 silly fetch manifest @vitejs/devtools@^0.7.1
38 silly packumentCache full:https://registry.npmjs.org/@vitejs%2fdevtools cache-miss
39 http fetch GET 200 https://registry.npmjs.org/@vitejs%2fdevtools 52ms (cache miss)
40 silly packumentCache full:https://registry.npmjs.org/@vitejs%2fdevtools set size:undefined disposed:false
41 silly fetch manifest @vitejs/devtools-oxc@^0.7.3
42 silly packumentCache full:https://registry.npmjs.org/@vitejs%2fdevtools-oxc cache-miss
43 http fetch GET 200 https://registry.npmjs.org/@vitejs%2fdevtools-oxc 32ms (cache miss)
44 silly packumentCache full:https://registry.npmjs.org/@vitejs%2fdevtools-oxc set size:undefined disposed:false
45 silly fetch manifest @vitejs/devtools-rolldown@^0.7.3
46 silly packumentCache full:https://registry.npmjs.org/@vitejs%2fdevtools-rolldown cache-miss
47 http fetch GET 200 https://registry.npmjs.org/@vitejs%2fdevtools-rolldown 39ms (cache miss)
48 silly packumentCache full:https://registry.npmjs.org/@vitejs%2fdevtools-rolldown set size:undefined disposed:false
49 silly fetch manifest @vitejs/devtools-vite@^0.7.3
50 silly packumentCache full:https://registry.npmjs.org/@vitejs%2fdevtools-vite cache-miss
51 http fetch GET 200 https://registry.npmjs.org/@vitejs%2fdevtools-vite 36ms (cache miss)
52 silly packumentCache full:https://registry.npmjs.org/@vitejs%2fdevtools-vite set size:undefined disposed:false
53 silly fetch manifest @vitejs/devtools-vitest@^0.7.3
54 silly packumentCache full:https://registry.npmjs.org/@vitejs%2fdevtools-vitest cache-miss
55 http fetch GET 200 https://registry.npmjs.org/@vitejs%2fdevtools-vitest 30ms (cache miss)
56 silly packumentCache full:https://registry.npmjs.org/@vitejs%2fdevtools-vitest set size:undefined disposed:false
57 silly fetch manifest vitest@*
58 silly packumentCache full:https://registry.npmjs.org/vitest cache-miss
59 http fetch GET 200 https://registry.npmjs.org/vitest 85ms (cache miss)
60 silly packumentCache full:https://registry.npmjs.org/vitest set size:undefined disposed:false
61 silly fetch manifest @edge-runtime/vm@*
62 silly packumentCache full:https://registry.npmjs.org/@edge-runtime%2fvm cache-miss
63 http fetch GET 200 https://registry.npmjs.org/@edge-runtime%2fvm 40ms (cache miss)
64 silly packumentCache full:https://registry.npmjs.org/@edge-runtime%2fvm set size:undefined disposed:false
65 silly fetch manifest @opentelemetry/api@^1.9.0
66 silly packumentCache full:https://registry.npmjs.org/@opentelemetry%2fapi cache-miss
67 http fetch GET 200 https://registry.npmjs.org/@opentelemetry%2fapi 86ms (cache miss)
68 silly packumentCache full:https://registry.npmjs.org/@opentelemetry%2fapi set size:undefined disposed:false
69 silly fetch manifest @vitest/browser-playwright@5.0.0
70 silly packumentCache full:https://registry.npmjs.org/@vitest%2fbrowser-playwright cache-miss
